[vincentetdussault.com/index.html]
[backblue.gif]
[fade.gif]
[index.html]
[vincentetdussault.com/apple-touch-icon.png]
[vincentetdussault.com/favicon-32x32.png]
[vincentetdussault.com/favicon-16x16.png]
[vincentetdussault.com/site.webmanifest]
[use.typekit.net/lfn8zwm.css]
[use.fontawesome.com/releases/v6.5.1/css/all.css]
[vincentetdussault.com/css/form.min.9fc5f45d3d04772369dc998ed7001799cb4b1f85fde76170aa9aeba95d16efdc.css]
[vincentetdussault.com/css/main.min.910195d9dc81c7dae3cd6b7a1e2afb4623ddf9c7fd6a799be6549ea979275b6b.css]
[vincentetdussault.com/css/home.min.a7767a9896226c4aced39c1c6ada5d7fba5b49bc243f996eba93da86ece4c22a.css]
[connect.facebook.net/en_US/fbevents.js]
[vincentetdussault.com/images/logo.a706461396452788c4991446c8ecb24ce6113666eda936e552285eaf582363b1.svg]
[vincentetdussault.com/images/home-hero.d.delayed]
[vincentetdussault.com/a-propos/index.html]
[vincentetdussault.com/realisations/index.html]
[vincentetdussault.com/services/index.html]
[vincentetdussault.com/carrieres/index.html]
[vincentetdussault.com/contact/index.html]
[vincentetdussault.com/home/intro/home-real.webp]
[vincentetdussault.com/en/index.html]
[vincentetdussault.com/images/logo-list/logo-1-alliance-ford-ste-agathe.png]
[vincentetdussault.com/images/logo-list/logo-1-vw-rimar.png]
[vincentetdussault.com/images/logo-list/logo-genesis-st-laurent.png]
[vincentetdussault.com/images/logo-list/logo-globocan.png]
[vincentetdussault.com/images/logo-list/logo-groupe-barnabe.png]
[vincentetdussault.com/images/logo-list/logo-groupe-lauzon.png]
[vincentetdussault.com/images/logo-list/logo-groupe-tremblay.png]
[vincentetdussault.com/images/logo-list/logo-groupemotion.png]
[vincentetdussault.com/images/logo-list/logo-gz-vw-ste-agathe.png]
[vincentetdussault.com/images/logo-list/logo-hgregoire.png]
[vincentetdussault.com/images/logo-list/logo-honda-terrebonne.png]
[vincentetdussault.com/images/logo-list/logo-lauzon-black.png]
[vincentetdussault.com/images/logo-list/logo-m-vw-arbour.png]
[vincentetdussault.com/images/logo-list/logo-mercedes-benz.png]
[vincentetdussault.com/images/logo-list/logo-solutions-mazda-chateaugay.png]
[vincentetdussault.com/images/logo-list/logo-solutions-nissan-chateaugay.png]
[vincentetdussault.com/images/logo-list/logo-spinelli.png]
[vincentetdussault.com/images/logo-list/logo-vw-complexe-440.png]
[vincentetdussault.com/images/realisations/genesis-a40/featured.webp]
[vincentetdussault.com/realisations/genesis-saint-laurent/index.html]
[vincentetdussault.com/images/realisations/volkswagen-lachine/featured.webp]
[vincentetdussault.com/realisations/vw-lachine/index.html]
[vincentetdussault.com/images/realisations/porsche-rive-sud/featured.webp]
[vincentetdussault.com/realisations/porsche-rive-sud/index.html]
[vincentetdussault.com/home/image-block/vincentetdussault.webp]
[vincentetdussault.com/home/reference/reference.webp]
[vincentetdussault.com/images/cta-contact-1.webp]
[vincentetdussault.com/images/cta-contact-2.webp]
[vincentetdussault.com/avis-legal/index.html]
[vincentetdussault.com/js/vendors/gsap.min.min.041b8e0d5d7eec2d130ccecb17432e0ec2a55b4eec524499b5ec71ed0a110650.js]
[vincentetdussault.com/js/vendors/ScrollTrigger.min.min.356af8ca559167a2d0ecbd16f4eba3a68217cc88f8251f562a64debf9508747c.js]
[vincentetdussault.com/js/vendors/lenis.min.min.63ba008a9f3073bba096bd2aab4090b12e1f9e22a305c480ad09953bc7f59705.js]
[vincentetdussault.com/js/bolean-anims.min.8818d76f2d1f89a70f595c0fff1056a9715108bf0a758eedc03d356584d59f6b.js]
[vincentetdussault.com/js/logo-switcher.min.dfd1fee948228e61a2191839a54f8bda1ba37589c1833e13e17913125140f0fe.js]
[vincentetdussault.com/index.html]
[www.googletagmanager.com/gtm5445.html]
[use.typekit.net/af/e9b173/00000000000000007735fd8c/30/laaa3]
[use.typekit.net/af/e9b173/00000000000000007735fd8c/30/daaa3]
[use.typekit.net/af/e9b173/00000000000000007735fd8c/30/aaaa3]
[use.typekit.net/af/50e815/00000000000000007735fd8a/30/l3eab]
[use.typekit.net/af/50e815/00000000000000007735fd8a/30/d3eab]
[use.typekit.net/af/50e815/00000000000000007735fd8a/30/a3eab]
[use.typekit.net/af/798733/00000000000000007735fd8b/30/lfdcc]
[use.typekit.net/af/798733/00000000000000007735fd8b/30/dfdcc]
[use.typekit.net/af/798733/00000000000000007735fd8b/30/afdcc]
[use.typekit.net/af/a816cc/00000000000000007735fd83/30/le196]
[use.typekit.net/af/a816cc/00000000000000007735fd83/30/de196]
[use.typekit.net/af/a816cc/00000000000000007735fd83/30/ae196]
[use.typekit.net/af/6755b5/00000000000000007735fd8e/30/le003]
[use.typekit.net/af/6755b5/00000000000000007735fd8e/30/de003]
[use.typekit.net/lfn8zwm.css]
[use.fontawesome.com/releases/v6.5.1/css/all.css]
[vincentetdussault.com/css/reset.min.9a00fd651c7dd05f3c80728cd48c98570cccb9ec3c5a36369c920c7d7a7a0088.css]
[use.typekit.net/af/6755b5/00000000000000007735fd8e/30/ae003]
[vincentetdussault.com/css/form.min.9fc5f45d3d04772369dc998ed7001799cb4b1f85fde76170aa9aeba95d16efdc.css]
[vincentetdussault.com/css/main.min.910195d9dc81c7dae3cd6b7a1e2afb4623ddf9c7fd6a799be6549ea979275b6b.css]
[vincentetdussault.com/css/home.min.a7767a9896226c4aced39c1c6ada5d7fba5b49bc243f996eba93da86ece4c22a.css]
[vincentetdussault.com/a.44.delayed]
[vincentetdussault.com/POST.45.delayed]
[vincentetdussault.com/b.46.delayed]
[vincentetdussault.com/schema.org/index.html]
[vincentetdussault.com/signals/iwl.47.delayed]
[connect.facebook.net/en_US/fbevents.js]
[vincentetdussault.com/images/logo.a706461396452788c4991446c8ecb24ce6113666eda936e552285eaf582363b1.svg]
[vincentetdussault.com/css/services.min.2f8a96bee451431cf6aeae9849c8eecbe0b630b93ddf9d944aabb41b14096e29.css]
[vincentetdussault.com/en/services/index.html]
[vincentetdussault.com/services/intro/service-hero-bg.webp]
[vincentetdussault.com/images/on-comprend.webp]
[vincentetdussault.com/images/volkswagen-lauzon.webp]
[vincentetdussault.com/images/steps-01.webp]
[vincentetdussault.com/images/steps-02.webp]
[vincentetdussault.com/images/steps-03.webp]
[vincentetdussault.com/services/signature/signature.webp]
[vincentetdussault.com/services/index.html]
[vincentetdussault.com/css/realisations.min.c58d853bd9663198a58e14c883943b298f861cb815f8981231fa760032661a0f.css]
[vincentetdussault.com/realisations/audi-blainville/index.html]
[vincentetdussault.com/realisations/audi-blainville/thumbnail.webp]
[vincentetdussault.com/en/realisations/index.html]
[vincentetdussault.com/realisations/porsche-lauzon-laval/thumbnail.webp]
[vincentetdussault.com/realisations/porsche-lauzon-laval/index.html]
[vincentetdussault.com/realisations/porsche-rive-sud/thumbnail.webp]
[vincentetdussault.com/realisations/vw-lauzon-blainville/thumbnail.webp]
[vincentetdussault.com/realisations/vw-lauzon-blainville/index.html]
[vincentetdussault.com/realisations/vw-lauzon-boisbriand/index.html]
[vincentetdussault.com/realisations/vw-lauzon-boisbriand/thumbnail.webp]
[vincentetdussault.com/realisations/chomedey-hyundai/thumbnail.webp]
[vincentetdussault.com/realisations/chomedey-hyundai/index.html]
[vincentetdussault.com/realisations/mercedes-centre-du-camion/thumbnail.webp]
[vincentetdussault.com/realisations/mercedes-centre-du-camion/index.html]
[vincentetdussault.com/realisations/vw-lachine/thumbnail.webp]
[vincentetdussault.com/realisations/globocam-montreal-est/thumbnail.webp]
[vincentetdussault.com/realisations/globocam-montreal-est/index.html]
[vincentetdussault.com/realisations/genesis-saint-laurent/thumbnail.webp]
[vincentetdussault.com/realisations/toyota-candiac/index.html]
[vincentetdussault.com/realisations/toyota-candiac/thumbnail.webp]
[vincentetdussault.com/realisations/hgregoire-nissan-blainville/thumbnail.webp]
[vincentetdussault.com/realisations/hgregoire-nissan-blainville/index.html]
[vincentetdussault.com/realisations/mitsubishi-terrebonne/index.html]
[vincentetdussault.com/realisations/mitsubishi-terrebonne/thumbnail.webp]
[vincentetdussault.com/realisations/chevrolet-cadillac-ile-perrot/index.html]
[vincentetdussault.com/realisations/chevrolet-cadillac-ile-perrot/thumbnail.webp]
[vincentetdussault.com/realisations/mazda-2-20/thumbnail.webp]
[vincentetdussault.com/realisations/mazda-2-20/index.html]
[vincentetdussault.com/realisations/subaru-repentigny/thumbnail.webp]
[vincentetdussault.com/realisations/subaru-repentigny/index.html]
[vincentetdussault.com/realisations/honda-de-terrebonne/index.html]
[vincentetdussault.com/realisations/honda-de-terrebonne/thumbnail.webp]
[vincentetdussault.com/realisations/hyundai-chateauguay/thumbnail.webp]
[vincentetdussault.com/realisations/hyundai-chateauguay/index.html]
[vincentetdussault.com/realisations/solution-nissan-chateauguay/index.html]
[vincentetdussault.com/realisations/solution-nissan-chateauguay/thumbnail.webp]
[vincentetdussault.com/realisations/solution-mazda-chateauguay/thumbnail.webp]
[vincentetdussault.com/realisations/solution-mazda-chateauguay/index.html]
[vincentetdussault.com/realisations/barnabe-chrysler-jeep-st-jean/index.html]
[vincentetdussault.com/realisations/barnabe-chrysler-jeep-st-jean/thumbnail.webp]
[vincentetdussault.com/realisations/alliance-ford/index.html]
[vincentetdussault.com/realisations/alliance-ford/thumbnail.webp]
[vincentetdussault.com/realisations/vw-ste-agathe/index.html]
[vincentetdussault.com/realisations/vw-ste-agathe/thumbnail.webp]
[vincentetdussault.com/realisations/complexe-vw-440/thumbnail.webp]
[vincentetdussault.com/realisations/complexe-vw-440/index.html]
[vincentetdussault.com/realisations/arbour-volkswagen/index.html]
[vincentetdussault.com/realisations/arbour-volkswagen/thumbnail.webp]
[vincentetdussault.com/realisations/rimar-volkswagen/thumbnail.webp]
[vincentetdussault.com/realisations/rimar-volkswagen/index.html]
[vincentetdussault.com/realisations/mercedes-rive-sud/index.html]
[vincentetdussault.com/realisations/mercedes-rive-sud/thumbnail.webp]
[vincentetdussault.com/realisations/index.html]
[vincentetdussault.com/css/a-propos.min.cb2602cbf14b8aefed5be37c051914976faa5d4037925f93bc32a652e96a763c.css]
[vincentetdussault.com/en/a-propos/index.html]
[vincentetdussault.com/a-propos/intro/a-propos-hero-bg.webp]
[vincentetdussault.com/images/gallery-1.webp]
[vincentetdussault.com/images/gallery-2.webp]
[vincentetdussault.com/images/gallery-3.webp]
[vincentetdussault.com/images/gallery-4.webp]
[vincentetdussault.com/images/gallery-5.webp]
[vincentetdussault.com/images/gallery-6.webp]
[vincentetdussault.com/images/robert-dussault.webp]
[vincentetdussault.com/images/david-cousineau.webp]
[vincentetdussault.com/images/jonathan-samson.webp]
[vincentetdussault.com/images/marc-andre-major.webp]
[vincentetdussault.com/images/cedric-hetu.webp]
[vincentetdussault.com/images/mikael-paquin.webp]
[vincentetdussault.com/images/johanne-st-jean.webp]
[vincentetdussault.com/images/katherine-dussault.webp]
[vincentetdussault.com/a-propos/index.html]
[vincentetdussault.com/css/carrieres.min.69e0b37095b354655112d85f4eef2c4ea61e91357c0baceed7f936b59e525dbc.css]
[vincentetdussault.com/carrieres/intro/carrieres-hero-bg.webp]
[vincentetdussault.com/en/carrieres/index.html]
[vincentetdussault.com/images/work-here-1.webp]
[vincentetdussault.com/images/work-here-2.webp]
[vincentetdussault.com/images/work-here-3.webp]
[vincentetdussault.com/images/gallery-7.webp]
[vincentetdussault.com/images/gallery-8.webp]
[vincentetdussault.com/images/gallery-9.webp]
[vincentetdussault.com/carrieres/index.html]
[vincentetdussault.com/css/contact.min.69167fb444735d4b7cb3d7a92386d5b52d1562a1746aebf474ec147b62f0424d.css]
[vincentetdussault.com/contact/intro/contact-intro.webp]
[vincentetdussault.com/contact/index.html]
[vincentetdussault.com/en/contact/index.html]
[vincentetdussault.com/en/home/intro/home-real.webp]
[vincentetdussault.com/en/home/image-block/vincentetdussault.webp]
[vincentetdussault.com/en/home/reference/reference.webp]
[vincentetdussault.com/en/index.html]
[vincentetdussault.com/en/avis-legal/index.html]
[vincentetdussault.com/css/glightbox.min.6d3f62d4d17969f9c70e9438cf671004725019e868123f2ebc295a006f8d5d2d.css]
[vincentetdussault.com/realisations/genesis-saint-laurent/1.webp]
[vincentetdussault.com/en/realisations/genesis-saint-laurent/index.html]
[vincentetdussault.com/realisations/genesis-saint-laurent/10.webp]
[vincentetdussault.com/realisations/genesis-saint-laurent/11.webp]
[vincentetdussault.com/realisations/genesis-saint-laurent/12.webp]
[vincentetdussault.com/realisations/genesis-saint-laurent/13.webp]
[vincentetdussault.com/realisations/genesis-saint-laurent/14.webp]
[vincentetdussault.com/realisations/genesis-saint-laurent/2.webp]
[vincentetdussault.com/realisations/genesis-saint-laurent/3.webp]
[vincentetdussault.com/realisations/genesis-saint-laurent/4.webp]
[vincentetdussault.com/realisations/genesis-saint-laurent/5.webp]
[vincentetdussault.com/realisations/genesis-saint-laurent/6.webp]
[vincentetdussault.com/realisations/genesis-saint-laurent/7.webp]
[vincentetdussault.com/realisations/genesis-saint-laurent/8.webp]
[vincentetdussault.com/realisations/genesis-saint-laurent/9.webp]
[vincentetdussault.com/realisations/genesis-saint-laurent/9b.webp]
[vincentetdussault.com/realisations/genesis-saint-laurent/index.html]
[vincentetdussault.com/js/glightbox.min.03dfe1fbce92a9f17fcd1a1501213bd820d050ab085c338419ab06a3631c9459.js]
[vincentetdussault.com/en/realisations/vw-lachine/index.html]
[vincentetdussault.com/realisations/vw-lachine/1.webp]
[vincentetdussault.com/realisations/vw-lachine/2.webp]
[vincentetdussault.com/realisations/vw-lachine/3.webp]
[vincentetdussault.com/realisations/vw-lachine/4.webp]
[vincentetdussault.com/realisations/vw-lachine/5.webp]
[vincentetdussault.com/realisations/vw-lachine/6.webp]
[vincentetdussault.com/realisations/vw-lachine/7.webp]
[vincentetdussault.com/realisations/vw-lachine/8.webp]
[vincentetdussault.com/realisations/vw-lachine/index.html]
[vincentetdussault.com/realisations/porsche-rive-sud/gallery-1.webp]
[vincentetdussault.com/en/realisations/porsche-rive-sud/index.html]
[vincentetdussault.com/realisations/porsche-rive-sud/gallery-2.webp]
[vincentetdussault.com/realisations/porsche-rive-sud/gallery-3.webp]
[vincentetdussault.com/realisations/porsche-rive-sud/gallery-4.webp]
[vincentetdussault.com/realisations/porsche-rive-sud/gallery-5.webp]
[vincentetdussault.com/realisations/porsche-rive-sud/gallery-6.webp]
[vincentetdussault.com/realisations/porsche-rive-sud/index.html]
[vincentetdussault.com/avis-legal/index.html]
[p.typekit.net/pe774.css]
[vincentetdussault.com/images/chevron-down.svg]
[vincentetdussault.com/a.html]
[vincentetdussault.com/POST.html]
[vincentetdussault.com/schema.org/index.html]
[vincentetdussault.com/b.html]
[vincentetdussault.com/signals/iwl.html]
[vincentetdussault.com/css/services.min.2f8a96bee451431cf6aeae9849c8eecbe0b630b93ddf9d944aabb41b14096e29.css]
[vincentetdussault.com/en/services/intro/service-hero-bg.webp]
[vincentetdussault.com/en/services/signature/signature.webp]
[vincentetdussault.com/en/services/index.html]
[vincentetdussault.com/css/realisations.min.c58d853bd9663198a58e14c883943b298f861cb815f8981231fa760032661a0f.css]
[vincentetdussault.com/en/realisations/audi-blainville/thumbnail.webp]
[vincentetdussault.com/en/realisations/audi-blainville/index.html]
[vincentetdussault.com/en/realisations/porsche-lauzon-laval/thumbnail.webp]
[vincentetdussault.com/en/realisations/porsche-lauzon-laval/index.html]
[vincentetdussault.com/en/realisations/porsche-rive-sud/thumbnail.webp]
[vincentetdussault.com/en/realisations/vw-lauzon-blainville/thumbnail.webp]
[vincentetdussault.com/en/realisations/vw-lauzon-blainville/index.html]
[vincentetdussault.com/en/realisations/vw-lauzon-boisbriand/thumbnail.webp]
[vincentetdussault.com/en/realisations/vw-lauzon-boisbriand/index.html]
[vincentetdussault.com/en/realisations/chomedey-hyundai/thumbnail.webp]
[vincentetdussault.com/en/realisations/chomedey-hyundai/index.html]
[vincentetdussault.com/en/realisations/mercedes-centre-du-camion/thumbnail.webp]
[vincentetdussault.com/en/realisations/mercedes-centre-du-camion/index.html]
[vincentetdussault.com/en/realisations/vw-lachine/thumbnail.webp]
[vincentetdussault.com/en/realisations/globocam-montreal-est/index.html]
[vincentetdussault.com/en/realisations/globocam-montreal-est/thumbnail.webp]
[vincentetdussault.com/en/realisations/genesis-saint-laurent/thumbnail.webp]
[vincentetdussault.com/en/realisations/toyota-candiac/thumbnail.webp]
[vincentetdussault.com/en/realisations/toyota-candiac/index.html]
[vincentetdussault.com/en/realisations/hgregoire-nissan-blainville/thumbnail.webp]
[vincentetdussault.com/en/realisations/hgregoire-nissan-blainville/index.html]
[vincentetdussault.com/en/realisations/mitsubishi-terrebonne/thumbnail.webp]
[vincentetdussault.com/en/realisations/mitsubishi-terrebonne/index.html]
[vincentetdussault.com/en/realisations/chevrolet-cadillac-ile-perrot/thumbnail.webp]
[vincentetdussault.com/en/realisations/chevrolet-cadillac-ile-perrot/index.html]
[vincentetdussault.com/en/realisations/mazda-2-20/index.html]
[vincentetdussault.com/en/realisations/mazda-2-20/thumbnail.webp]
[vincentetdussault.com/en/realisations/subaru-repentigny/thumbnail.webp]
[vincentetdussault.com/en/realisations/subaru-repentigny/index.html]
[vincentetdussault.com/en/realisations/honda-de-terrebonne/thumbnail.webp]
[vincentetdussault.com/en/realisations/honda-de-terrebonne/index.html]
[vincentetdussault.com/en/realisations/hyundai-chateauguay/thumbnail.webp]
[vincentetdussault.com/en/realisations/hyundai-chateauguay/index.html]
[vincentetdussault.com/en/realisations/solution-nissan-chateauguay/thumbnail.webp]
[vincentetdussault.com/en/realisations/solution-nissan-chateauguay/index.html]
[vincentetdussault.com/en/realisations/solution-mazda-chateauguay/thumbnail.webp]
[vincentetdussault.com/en/realisations/solution-mazda-chateauguay/index.html]
[vincentetdussault.com/en/realisations/barnabe-chrysler-jeep-st-jean/thumbnail.webp]
[vincentetdussault.com/en/realisations/barnabe-chrysler-jeep-st-jean/index.html]
[vincentetdussault.com/en/realisations/alliance-ford/thumbnail.webp]
[vincentetdussault.com/en/realisations/alliance-ford/index.html]
[vincentetdussault.com/en/realisations/vw-ste-agathe/thumbnail.webp]
[vincentetdussault.com/en/realisations/vw-ste-agathe/index.html]
[vincentetdussault.com/en/realisations/complexe-vw-440/thumbnail.webp]
[vincentetdussault.com/en/realisations/complexe-vw-440/index.html]
[vincentetdussault.com/en/realisations/arbour-volkswagen/thumbnail.webp]
[vincentetdussault.com/en/realisations/arbour-volkswagen/index.html]
[vincentetdussault.com/en/realisations/rimar-volkswagen/thumbnail.webp]
[vincentetdussault.com/en/realisations/rimar-volkswagen/index.html]
[vincentetdussault.com/en/realisations/mercedes-rive-sud/thumbnail.webp]
[vincentetdussault.com/en/realisations/index.html]
[vincentetdussault.com/en/realisations/mercedes-rive-sud/index.html]
[vincentetdussault.com/realisations/audi-blainville/gallery-1.webp]
[vincentetdussault.com/realisations/audi-blainville/gallery-2.webp]
[vincentetdussault.com/realisations/audi-blainville/gallery-3.webp]
[vincentetdussault.com/realisations/audi-blainville/gallery-4.webp]
[vincentetdussault.com/realisations/audi-blainville/gallery-5.webp]
[vincentetdussault.com/realisations/audi-blainville/gallery-6.webp]
[vincentetdussault.com/realisations/audi-blainville/gallery-7.webp]
[vincentetdussault.com/realisations/audi-blainville/gallery-8.webp]
[vincentetdussault.com/realisations/audi-blainville/gallery-9.webp]
[vincentetdussault.com/realisations/audi-blainville/index.html]
[vincentetdussault.com/realisations/porsche-lauzon-laval/gallery-1.webp]
[vincentetdussault.com/realisations/porsche-lauzon-laval/gallery-10.webp]
[vincentetdussault.com/realisations/porsche-lauzon-laval/gallery-11.webp]
[vincentetdussault.com/realisations/porsche-lauzon-laval/gallery-12.webp]
[vincentetdussault.com/realisations/porsche-lauzon-laval/gallery-13.webp]
[vincentetdussault.com/realisations/porsche-lauzon-laval/gallery-2.webp]
[vincentetdussault.com/realisations/porsche-lauzon-laval/gallery-3.webp]
[vincentetdussault.com/realisations/porsche-lauzon-laval/gallery-4.webp]
[vincentetdussault.com/realisations/porsche-lauzon-laval/gallery-5.webp]
[vincentetdussault.com/realisations/porsche-lauzon-laval/gallery-6.webp]
[vincentetdussault.com/realisations/porsche-lauzon-laval/gallery-7.webp]
[vincentetdussault.com/realisations/porsche-lauzon-laval/gallery-8.webp]
[vincentetdussault.com/realisations/porsche-lauzon-laval/gallery-9.webp]
[vincentetdussault.com/realisations/porsche-lauzon-laval/index.html]
[vincentetdussault.com/realisations/vw-lauzon-blainville/gallery-1.webp]
[vincentetdussault.com/realisations/vw-lauzon-blainville/gallery-10.webp]
[vincentetdussault.com/realisations/vw-lauzon-blainville/gallery-11.webp]
[vincentetdussault.com/realisations/vw-lauzon-blainville/gallery-12.webp]
[vincentetdussault.com/realisations/vw-lauzon-blainville/gallery-2.webp]
[vincentetdussault.com/realisations/vw-lauzon-blainville/gallery-3.webp]
[vincentetdussault.com/realisations/vw-lauzon-blainville/gallery-4.webp]
[vincentetdussault.com/realisations/vw-lauzon-blainville/gallery-5.webp]
[vincentetdussault.com/realisations/vw-lauzon-blainville/gallery-6.webp]
[vincentetdussault.com/realisations/vw-lauzon-blainville/gallery-7.webp]
[vincentetdussault.com/realisations/vw-lauzon-blainville/gallery-8.webp]
[vincentetdussault.com/realisations/vw-lauzon-blainville/gallery-9.webp]
[vincentetdussault.com/realisations/vw-lauzon-blainville/index.html]
[vincentetdussault.com/realisations/vw-lauzon-boisbriand/1.webp]
[vincentetdussault.com/realisations/vw-lauzon-boisbriand/10.webp]
[vincentetdussault.com/realisations/vw-lauzon-boisbriand/11.webp]
[vincentetdussault.com/realisations/vw-lauzon-boisbriand/12.webp]
[vincentetdussault.com/realisations/vw-lauzon-boisbriand/2.webp]
[vincentetdussault.com/realisations/vw-lauzon-boisbriand/3.webp]
[vincentetdussault.com/realisations/vw-lauzon-boisbriand/4.webp]
[vincentetdussault.com/realisations/vw-lauzon-boisbriand/5.webp]
[vincentetdussault.com/realisations/vw-lauzon-boisbriand/7.webp]
[vincentetdussault.com/realisations/vw-lauzon-boisbriand/8.webp]
[vincentetdussault.com/realisations/vw-lauzon-boisbriand/9.webp]
[vincentetdussault.com/realisations/vw-lauzon-boisbriand/index.html]
[vincentetdussault.com/realisations/chomedey-hyundai/1.webp]
[vincentetdussault.com/realisations/chomedey-hyundai/2.webp]
[vincentetdussault.com/realisations/chomedey-hyundai/3.webp]
[vincentetdussault.com/realisations/chomedey-hyundai/4.webp]
[vincentetdussault.com/realisations/chomedey-hyundai/5.webp]
[vincentetdussault.com/realisations/chomedey-hyundai/6.webp]
[vincentetdussault.com/realisations/chomedey-hyundai/7.webp]
[vincentetdussault.com/realisations/chomedey-hyundai/8.webp]
[vincentetdussault.com/realisations/chomedey-hyundai/index.html]
[vincentetdussault.com/realisations/mercedes-centre-du-camion/1.webp]
[vincentetdussault.com/realisations/mercedes-centre-du-camion/2.webp]
[vincentetdussault.com/realisations/mercedes-centre-du-camion/3.webp]
[vincentetdussault.com/realisations/mercedes-centre-du-camion/4.webp]
[vincentetdussault.com/realisations/mercedes-centre-du-camion/5.webp]
[vincentetdussault.com/realisations/mercedes-centre-du-camion/6.webp]
[vincentetdussault.com/realisations/mercedes-centre-du-camion/7.webp]
[vincentetdussault.com/realisations/mercedes-centre-du-camion/8.webp]
[vincentetdussault.com/realisations/mercedes-centre-du-camion/index.html]
[vincentetdussault.com/realisations/globocam-montreal-est/1.webp]
[vincentetdussault.com/realisations/globocam-montreal-est/2.webp]
[vincentetdussault.com/realisations/globocam-montreal-est/3.webp]
[vincentetdussault.com/realisations/globocam-montreal-est/4.webp]
[vincentetdussault.com/realisations/globocam-montreal-est/5.webp]
[vincentetdussault.com/realisations/globocam-montreal-est/6.webp]
[vincentetdussault.com/realisations/globocam-montreal-est/7.webp]
[vincentetdussault.com/realisations/globocam-montreal-est/8.webp]
[vincentetdussault.com/realisations/globocam-montreal-est/9.webp]
[vincentetdussault.com/realisations/globocam-montreal-est/index.html]
[vincentetdussault.com/realisations/toyota-candiac/1.webp]
[vincentetdussault.com/realisations/toyota-candiac/2.webp]
[vincentetdussault.com/realisations/toyota-candiac/3.webp]
[vincentetdussault.com/realisations/toyota-candiac/4.webp]
[vincentetdussault.com/realisations/toyota-candiac/5.webp]
[vincentetdussault.com/realisations/toyota-candiac/6.webp]
[vincentetdussault.com/realisations/toyota-candiac/index.html]
[vincentetdussault.com/realisations/hgregoire-nissan-blainville/1.webp]
[vincentetdussault.com/realisations/hgregoire-nissan-blainville/2.webp]
[vincentetdussault.com/realisations/hgregoire-nissan-blainville/3.webp]
[vincentetdussault.com/realisations/hgregoire-nissan-blainville/4.webp]
[vincentetdussault.com/realisations/hgregoire-nissan-blainville/5.webp]
[vincentetdussault.com/realisations/hgregoire-nissan-blainville/6.webp]
[vincentetdussault.com/realisations/hgregoire-nissan-blainville/index.html]
[vincentetdussault.com/realisations/mitsubishi-terrebonne/1.webp]
[vincentetdussault.com/realisations/mitsubishi-terrebonne/2.webp]
[vincentetdussault.com/realisations/mitsubishi-terrebonne/3.webp]
[vincentetdussault.com/realisations/mitsubishi-terrebonne/4.webp]
[vincentetdussault.com/realisations/mitsubishi-terrebonne/5.webp]
[vincentetdussault.com/realisations/mitsubishi-terrebonne/index.html]
[vincentetdussault.com/realisations/chevrolet-cadillac-ile-perrot/1.webp]
[vincentetdussault.com/realisations/chevrolet-cadillac-ile-perrot/2.webp]
[vincentetdussault.com/realisations/chevrolet-cadillac-ile-perrot/3.webp]
[vincentetdussault.com/realisations/chevrolet-cadillac-ile-perrot/4.webp]
[vincentetdussault.com/realisations/chevrolet-cadillac-ile-perrot/5.webp]
[vincentetdussault.com/realisations/chevrolet-cadillac-ile-perrot/6.webp]
[vincentetdussault.com/realisations/chevrolet-cadillac-ile-perrot/index.html]
[vincentetdussault.com/realisations/mazda-2-20/1.webp]
[vincentetdussault.com/realisations/mazda-2-20/2.webp]
[vincentetdussault.com/realisations/mazda-2-20/3.webp]
[vincentetdussault.com/realisations/mazda-2-20/4.webp]
[vincentetdussault.com/realisations/mazda-2-20/5.webp]
[vincentetdussault.com/realisations/mazda-2-20/index.html]
[vincentetdussault.com/realisations/subaru-repentigny/1.webp]
[vincentetdussault.com/realisations/subaru-repentigny/10.webp]
[vincentetdussault.com/realisations/subaru-repentigny/11.webp]
[vincentetdussault.com/realisations/subaru-repentigny/2.webp]
[vincentetdussault.com/realisations/subaru-repentigny/3.webp]
[vincentetdussault.com/realisations/subaru-repentigny/4.webp]
[vincentetdussault.com/realisations/subaru-repentigny/5.webp]
[vincentetdussault.com/realisations/subaru-repentigny/6.webp]
[vincentetdussault.com/realisations/subaru-repentigny/7.webp]
[vincentetdussault.com/realisations/subaru-repentigny/8.webp]
[vincentetdussault.com/realisations/subaru-repentigny/9.webp]
[vincentetdussault.com/realisations/subaru-repentigny/index.html]
[vincentetdussault.com/realisations/honda-de-terrebonne/1.webp]
[vincentetdussault.com/realisations/honda-de-terrebonne/2.webp]
[vincentetdussault.com/realisations/honda-de-terrebonne/3.webp]
[vincentetdussault.com/realisations/honda-de-terrebonne/4.webp]
[vincentetdussault.com/realisations/honda-de-terrebonne/5.webp]
[vincentetdussault.com/realisations/honda-de-terrebonne/6.webp]
[vincentetdussault.com/realisations/honda-de-terrebonne/7.webp]
[vincentetdussault.com/realisations/honda-de-terrebonne/index.html]
[vincentetdussault.com/realisations/hyundai-chateauguay/1.webp]
[vincentetdussault.com/realisations/hyundai-chateauguay/2.webp]
[vincentetdussault.com/realisations/hyundai-chateauguay/3.webp]
[vincentetdussault.com/realisations/hyundai-chateauguay/4.webp]
[vincentetdussault.com/realisations/hyundai-chateauguay/5.webp]
[vincentetdussault.com/realisations/hyundai-chateauguay/index.html]
[vincentetdussault.com/realisations/solution-nissan-chateauguay/1.webp]
[vincentetdussault.com/realisations/solution-nissan-chateauguay/2.webp]
[vincentetdussault.com/realisations/solution-nissan-chateauguay/3.webp]
[vincentetdussault.com/realisations/solution-nissan-chateauguay/4.webp]
[vincentetdussault.com/realisations/solution-nissan-chateauguay/index.html]
[vincentetdussault.com/realisations/solution-mazda-chateauguay/1.webp]
[vincentetdussault.com/realisations/solution-mazda-chateauguay/2.webp]
[vincentetdussault.com/realisations/solution-mazda-chateauguay/3.webp]
[vincentetdussault.com/realisations/solution-mazda-chateauguay/4.webp]
[vincentetdussault.com/realisations/solution-mazda-chateauguay/5.webp]
[vincentetdussault.com/realisations/solution-mazda-chateauguay/index.html]
[vincentetdussault.com/realisations/barnabe-chrysler-jeep-st-jean/1.webp]
[vincentetdussault.com/realisations/barnabe-chrysler-jeep-st-jean/2.webp]
[vincentetdussault.com/realisations/barnabe-chrysler-jeep-st-jean/3.webp]
[vincentetdussault.com/realisations/barnabe-chrysler-jeep-st-jean/4.webp]
[vincentetdussault.com/realisations/barnabe-chrysler-jeep-st-jean/5.webp]
[vincentetdussault.com/realisations/barnabe-chrysler-jeep-st-jean/6.webp]
[vincentetdussault.com/realisations/barnabe-chrysler-jeep-st-jean/7.webp]
[vincentetdussault.com/realisations/barnabe-chrysler-jeep-st-jean/8.webp]
[vincentetdussault.com/realisations/barnabe-chrysler-jeep-st-jean/9.webp]
[vincentetdussault.com/realisations/barnabe-chrysler-jeep-st-jean/index.html]
[vincentetdussault.com/realisations/alliance-ford/1.webp]
[vincentetdussault.com/realisations/alliance-ford/10.webp]
[vincentetdussault.com/realisations/alliance-ford/2.webp]
[vincentetdussault.com/realisations/alliance-ford/3.webp]
[vincentetdussault.com/realisations/alliance-ford/4.webp]
[vincentetdussault.com/realisations/alliance-ford/4b.webp]
[vincentetdussault.com/realisations/alliance-ford/5.webp]
[vincentetdussault.com/realisations/alliance-ford/6.webp]
[vincentetdussault.com/realisations/alliance-ford/7.webp]
[vincentetdussault.com/realisations/alliance-ford/8.webp]
[vincentetdussault.com/realisations/alliance-ford/9.webp]
[vincentetdussault.com/realisations/alliance-ford/index.html]
[vincentetdussault.com/realisations/vw-ste-agathe/1.webp]
[vincentetdussault.com/realisations/vw-ste-agathe/2.webp]
[vincentetdussault.com/realisations/vw-ste-agathe/3.webp]
[vincentetdussault.com/realisations/vw-ste-agathe/4.webp]
[vincentetdussault.com/realisations/vw-ste-agathe/5.webp]
[vincentetdussault.com/realisations/vw-ste-agathe/6.webp]
[vincentetdussault.com/realisations/vw-ste-agathe/7.webp]
[vincentetdussault.com/realisations/vw-ste-agathe/8.webp]
[vincentetdussault.com/realisations/vw-ste-agathe/9.webp]
[vincentetdussault.com/realisations/vw-ste-agathe/index.html]
[vincentetdussault.com/realisations/complexe-vw-440/1.webp]
[vincentetdussault.com/realisations/complexe-vw-440/2.webp]
[vincentetdussault.com/realisations/complexe-vw-440/3.webp]
[vincentetdussault.com/realisations/complexe-vw-440/4.webp]
[vincentetdussault.com/realisations/complexe-vw-440/5.webp]
[vincentetdussault.com/realisations/complexe-vw-440/6.webp]
[vincentetdussault.com/realisations/complexe-vw-440/7.webp]
[vincentetdussault.com/realisations/complexe-vw-440/index.html]
[vincentetdussault.com/realisations/arbour-volkswagen/1.webp]
[vincentetdussault.com/realisations/arbour-volkswagen/2.webp]
[vincentetdussault.com/realisations/arbour-volkswagen/3.webp]
[vincentetdussault.com/realisations/arbour-volkswagen/4.webp]
[vincentetdussault.com/realisations/arbour-volkswagen/5.webp]
[vincentetdussault.com/realisations/arbour-volkswagen/6.webp]
[vincentetdussault.com/realisations/arbour-volkswagen/7.webp]
[vincentetdussault.com/realisations/arbour-volkswagen/index.html]
[vincentetdussault.com/realisations/rimar-volkswagen/1.webp]
[vincentetdussault.com/realisations/rimar-volkswagen/2.webp]
[vincentetdussault.com/realisations/rimar-volkswagen/3.webp]
[vincentetdussault.com/realisations/rimar-volkswagen/4.webp]
[vincentetdussault.com/realisations/rimar-volkswagen/4b.webp]
[vincentetdussault.com/realisations/rimar-volkswagen/5.webp]
[vincentetdussault.com/realisations/rimar-volkswagen/5b.webp]
[vincentetdussault.com/realisations/rimar-volkswagen/6.webp]
[vincentetdussault.com/realisations/rimar-volkswagen/6b.webp]
[vincentetdussault.com/realisations/rimar-volkswagen/7.webp]
[vincentetdussault.com/realisations/rimar-volkswagen/8.webp]
[vincentetdussault.com/realisations/rimar-volkswagen/9.webp]
[vincentetdussault.com/realisations/rimar-volkswagen/index.html]
[vincentetdussault.com/realisations/mercedes-rive-sud/1.webp]
[vincentetdussault.com/realisations/mercedes-rive-sud/10.webp]
[vincentetdussault.com/realisations/mercedes-rive-sud/11.webp]
[vincentetdussault.com/realisations/mercedes-rive-sud/2.webp]
[vincentetdussault.com/realisations/mercedes-rive-sud/3.webp]
[vincentetdussault.com/realisations/mercedes-rive-sud/4.webp]
[vincentetdussault.com/realisations/mercedes-rive-sud/5.webp]
[vincentetdussault.com/realisations/mercedes-rive-sud/6.webp]
[vincentetdussault.com/realisations/mercedes-rive-sud/7.webp]
[vincentetdussault.com/realisations/mercedes-rive-sud/8.webp]
[vincentetdussault.com/realisations/mercedes-rive-sud/9.webp]
[vincentetdussault.com/realisations/mercedes-rive-sud/9b.webp]
[vincentetdussault.com/realisations/mercedes-rive-sud/index.html]
[vincentetdussault.com/css/a-propos.min.cb2602cbf14b8aefed5be37c051914976faa5d4037925f93bc32a652e96a763c.css]
[vincentetdussault.com/en/a-propos/intro/a-propos-hero-bg.webp]
[vincentetdussault.com/en/a-propos/index.html]
[vincentetdussault.com/css/carrieres.min.69e0b37095b354655112d85f4eef2c4ea61e91357c0baceed7f936b59e525dbc.css]
[vincentetdussault.com/en/carrieres/intro/carrieres-hero-bg.webp]
[vincentetdussault.com/en/carrieres/index.html]
[vincentetdussault.com/css/contact.min.69167fb444735d4b7cb3d7a92386d5b52d1562a1746aebf474ec147b62f0424d.css]
[vincentetdussault.com/en/contact/intro/contact-intro.webp]
[vincentetdussault.com/en/contact/index.html]
[vincentetdussault.com/en/avis-legal/index.html]
[vincentetdussault.com/css/glightbox.min.6d3f62d4d17969f9c70e9438cf671004725019e868123f2ebc295a006f8d5d2d.css]
[vincentetdussault.com/en/realisations/genesis-saint-laurent/1.webp]
[vincentetdussault.com/en/realisations/genesis-saint-laurent/10.webp]
[vincentetdussault.com/en/realisations/genesis-saint-laurent/11.webp]
[vincentetdussault.com/en/realisations/genesis-saint-laurent/12.webp]
[vincentetdussault.com/en/realisations/genesis-saint-laurent/13.webp]
[vincentetdussault.com/en/realisations/genesis-saint-laurent/14.webp]
[vincentetdussault.com/en/realisations/genesis-saint-laurent/2.webp]
[vincentetdussault.com/en/realisations/genesis-saint-laurent/3.webp]
[vincentetdussault.com/en/realisations/genesis-saint-laurent/4.webp]
[vincentetdussault.com/en/realisations/genesis-saint-laurent/5.webp]
[vincentetdussault.com/en/realisations/genesis-saint-laurent/6.webp]
[vincentetdussault.com/en/realisations/genesis-saint-laurent/7.webp]
[vincentetdussault.com/en/realisations/genesis-saint-laurent/8.webp]
[vincentetdussault.com/en/realisations/genesis-saint-laurent/9.webp]
[vincentetdussault.com/en/realisations/genesis-saint-laurent/9b.webp]
[vincentetdussault.com/en/realisations/genesis-saint-laurent/index.html]
[vincentetdussault.com/en/realisations/vw-lachine/1.webp]
[vincentetdussault.com/en/realisations/vw-lachine/2.webp]
[vincentetdussault.com/en/realisations/vw-lachine/3.webp]
[vincentetdussault.com/en/realisations/vw-lachine/4.webp]
[vincentetdussault.com/en/realisations/vw-lachine/5.webp]
[vincentetdussault.com/en/realisations/vw-lachine/6.webp]
[vincentetdussault.com/en/realisations/vw-lachine/7.webp]
[vincentetdussault.com/en/realisations/vw-lachine/8.webp]
[vincentetdussault.com/en/realisations/vw-lachine/index.html]
[vincentetdussault.com/en/realisations/porsche-rive-sud/gallery-1.webp]
[vincentetdussault.com/en/realisations/porsche-rive-sud/gallery-2.webp]
[vincentetdussault.com/en/realisations/porsche-rive-sud/gallery-3.webp]
[vincentetdussault.com/en/realisations/porsche-rive-sud/gallery-4.webp]
[vincentetdussault.com/en/realisations/porsche-rive-sud/gallery-5.webp]
[vincentetdussault.com/en/realisations/porsche-rive-sud/gallery-6.webp]
[vincentetdussault.com/en/realisations/porsche-rive-sud/index.html]
[vincentetdussault.com/css/avis-legal.min.ae5ec9fb5a0f14821f37061c9f984e01ff998a655bfeb76bdcaabbe1c25c9b92.css]
[vincentetdussault.com/en/realisations/audi-blainville/gallery-1.webp]
[vincentetdussault.com/en/realisations/audi-blainville/gallery-2.webp]
[vincentetdussault.com/en/realisations/audi-blainville/gallery-3.webp]
[vincentetdussault.com/en/realisations/audi-blainville/gallery-4.webp]
[vincentetdussault.com/en/realisations/audi-blainville/gallery-5.webp]
[vincentetdussault.com/en/realisations/audi-blainville/gallery-6.webp]
[vincentetdussault.com/en/realisations/audi-blainville/gallery-7.webp]
[vincentetdussault.com/en/realisations/audi-blainville/gallery-8.webp]
[vincentetdussault.com/en/realisations/audi-blainville/gallery-9.webp]
[vincentetdussault.com/en/realisations/audi-blainville/index.html]
[vincentetdussault.com/en/realisations/porsche-lauzon-laval/gallery-1.webp]
[vincentetdussault.com/en/realisations/porsche-lauzon-laval/gallery-10.webp]
[vincentetdussault.com/en/realisations/porsche-lauzon-laval/gallery-11.webp]
[vincentetdussault.com/en/realisations/porsche-lauzon-laval/gallery-12.webp]
[vincentetdussault.com/en/realisations/porsche-lauzon-laval/gallery-13.webp]
[vincentetdussault.com/en/realisations/porsche-lauzon-laval/gallery-2.webp]
[vincentetdussault.com/en/realisations/porsche-lauzon-laval/gallery-3.webp]
[vincentetdussault.com/en/realisations/porsche-lauzon-laval/gallery-4.webp]
[vincentetdussault.com/en/realisations/porsche-lauzon-laval/gallery-5.webp]
[vincentetdussault.com/en/realisations/porsche-lauzon-laval/gallery-6.webp]
[vincentetdussault.com/en/realisations/porsche-lauzon-laval/gallery-7.webp]
[vincentetdussault.com/en/realisations/porsche-lauzon-laval/gallery-8.webp]
[vincentetdussault.com/en/realisations/porsche-lauzon-laval/gallery-9.webp]
[vincentetdussault.com/en/realisations/porsche-lauzon-laval/index.html]
[vincentetdussault.com/en/realisations/vw-lauzon-blainville/gallery-1.webp]
[vincentetdussault.com/en/realisations/vw-lauzon-blainville/gallery-10.webp]
[vincentetdussault.com/en/realisations/vw-lauzon-blainville/gallery-11.webp]
[vincentetdussault.com/en/realisations/vw-lauzon-blainville/gallery-12.webp]
[vincentetdussault.com/en/realisations/vw-lauzon-blainville/gallery-2.webp]
[vincentetdussault.com/en/realisations/vw-lauzon-blainville/gallery-3.webp]
[vincentetdussault.com/en/realisations/vw-lauzon-blainville/gallery-4.webp]
[vincentetdussault.com/en/realisations/vw-lauzon-blainville/gallery-5.webp]
[vincentetdussault.com/en/realisations/vw-lauzon-blainville/gallery-6.webp]
[vincentetdussault.com/en/realisations/vw-lauzon-blainville/gallery-7.webp]
[vincentetdussault.com/en/realisations/vw-lauzon-blainville/gallery-8.webp]
[vincentetdussault.com/en/realisations/vw-lauzon-blainville/gallery-9.webp]
[vincentetdussault.com/en/realisations/vw-lauzon-blainville/index.html]
[vincentetdussault.com/en/realisations/vw-lauzon-boisbriand/1.webp]
[vincentetdussault.com/en/realisations/vw-lauzon-boisbriand/10.webp]
[vincentetdussault.com/en/realisations/vw-lauzon-boisbriand/11.webp]
[vincentetdussault.com/en/realisations/vw-lauzon-boisbriand/12.webp]
[vincentetdussault.com/en/realisations/vw-lauzon-boisbriand/2.webp]
[vincentetdussault.com/en/realisations/vw-lauzon-boisbriand/3.webp]
[vincentetdussault.com/en/realisations/vw-lauzon-boisbriand/4.webp]
[vincentetdussault.com/en/realisations/vw-lauzon-boisbriand/5.webp]
[vincentetdussault.com/en/realisations/vw-lauzon-boisbriand/7.webp]
[vincentetdussault.com/en/realisations/vw-lauzon-boisbriand/8.webp]
[vincentetdussault.com/en/realisations/vw-lauzon-boisbriand/9.webp]
[vincentetdussault.com/en/realisations/vw-lauzon-boisbriand/index.html]
[vincentetdussault.com/en/realisations/chomedey-hyundai/1.webp]
[vincentetdussault.com/en/realisations/chomedey-hyundai/2.webp]
[vincentetdussault.com/en/realisations/chomedey-hyundai/3.webp]
[vincentetdussault.com/en/realisations/chomedey-hyundai/4.webp]
[vincentetdussault.com/en/realisations/chomedey-hyundai/5.webp]
[vincentetdussault.com/en/realisations/chomedey-hyundai/6.webp]
[vincentetdussault.com/en/realisations/chomedey-hyundai/7.webp]
[vincentetdussault.com/en/realisations/chomedey-hyundai/8.webp]
[vincentetdussault.com/en/realisations/chomedey-hyundai/index.html]
[vincentetdussault.com/en/realisations/mercedes-centre-du-camion/1.webp]
[vincentetdussault.com/en/realisations/mercedes-centre-du-camion/2.webp]
[vincentetdussault.com/en/realisations/mercedes-centre-du-camion/3.webp]
[vincentetdussault.com/en/realisations/mercedes-centre-du-camion/4.webp]
[vincentetdussault.com/en/realisations/mercedes-centre-du-camion/5.webp]
[vincentetdussault.com/en/realisations/mercedes-centre-du-camion/6.webp]
[vincentetdussault.com/en/realisations/mercedes-centre-du-camion/7.webp]
[vincentetdussault.com/en/realisations/mercedes-centre-du-camion/8.webp]
[vincentetdussault.com/en/realisations/mercedes-centre-du-camion/index.html]
[vincentetdussault.com/en/realisations/globocam-montreal-est/1.webp]
[vincentetdussault.com/en/realisations/globocam-montreal-est/2.webp]
[vincentetdussault.com/en/realisations/globocam-montreal-est/3.webp]
[vincentetdussault.com/en/realisations/globocam-montreal-est/4.webp]
[vincentetdussault.com/en/realisations/globocam-montreal-est/5.webp]
[vincentetdussault.com/en/realisations/globocam-montreal-est/6.webp]
[vincentetdussault.com/en/realisations/globocam-montreal-est/7.webp]
[vincentetdussault.com/en/realisations/globocam-montreal-est/8.webp]
[vincentetdussault.com/en/realisations/globocam-montreal-est/9.webp]
[vincentetdussault.com/en/realisations/globocam-montreal-est/index.html]
[vincentetdussault.com/en/realisations/toyota-candiac/1.webp]
[vincentetdussault.com/en/realisations/toyota-candiac/2.webp]
[vincentetdussault.com/en/realisations/toyota-candiac/3.webp]
[vincentetdussault.com/en/realisations/toyota-candiac/4.webp]
[vincentetdussault.com/en/realisations/toyota-candiac/5.webp]
[vincentetdussault.com/en/realisations/toyota-candiac/6.webp]
[vincentetdussault.com/en/realisations/toyota-candiac/index.html]
[vincentetdussault.com/en/realisations/hgregoire-nissan-blainville/1.webp]
[vincentetdussault.com/en/realisations/hgregoire-nissan-blainville/2.webp]
[vincentetdussault.com/en/realisations/hgregoire-nissan-blainville/3.webp]
[vincentetdussault.com/en/realisations/hgregoire-nissan-blainville/4.webp]
[vincentetdussault.com/en/realisations/hgregoire-nissan-blainville/5.webp]
[vincentetdussault.com/en/realisations/hgregoire-nissan-blainville/6.webp]
[vincentetdussault.com/en/realisations/hgregoire-nissan-blainville/index.html]
[vincentetdussault.com/en/realisations/mitsubishi-terrebonne/1.webp]
[vincentetdussault.com/en/realisations/mitsubishi-terrebonne/2.webp]
[vincentetdussault.com/en/realisations/mitsubishi-terrebonne/3.webp]
[vincentetdussault.com/en/realisations/mitsubishi-terrebonne/4.webp]
[vincentetdussault.com/en/realisations/mitsubishi-terrebonne/5.webp]
[vincentetdussault.com/en/realisations/mitsubishi-terrebonne/index.html]
[vincentetdussault.com/en/realisations/chevrolet-cadillac-ile-perrot/1.webp]
[vincentetdussault.com/en/realisations/chevrolet-cadillac-ile-perrot/2.webp]
[vincentetdussault.com/en/realisations/chevrolet-cadillac-ile-perrot/3.webp]
[vincentetdussault.com/en/realisations/chevrolet-cadillac-ile-perrot/4.webp]
[vincentetdussault.com/en/realisations/chevrolet-cadillac-ile-perrot/5.webp]
[vincentetdussault.com/en/realisations/chevrolet-cadillac-ile-perrot/6.webp]
[vincentetdussault.com/en/realisations/chevrolet-cadillac-ile-perrot/index.html]
[vincentetdussault.com/en/realisations/mazda-2-20/1.webp]
[vincentetdussault.com/en/realisations/mazda-2-20/2.webp]
[vincentetdussault.com/en/realisations/mazda-2-20/3.webp]
[vincentetdussault.com/en/realisations/mazda-2-20/4.webp]
[vincentetdussault.com/en/realisations/mazda-2-20/5.webp]
[vincentetdussault.com/en/realisations/mazda-2-20/index.html]
[vincentetdussault.com/en/realisations/subaru-repentigny/1.webp]
[vincentetdussault.com/en/realisations/subaru-repentigny/10.webp]
[vincentetdussault.com/en/realisations/subaru-repentigny/11.webp]
[vincentetdussault.com/en/realisations/subaru-repentigny/2.webp]
[vincentetdussault.com/en/realisations/subaru-repentigny/3.webp]
[vincentetdussault.com/en/realisations/subaru-repentigny/4.webp]
[vincentetdussault.com/en/realisations/subaru-repentigny/5.webp]
[vincentetdussault.com/en/realisations/subaru-repentigny/6.webp]
[vincentetdussault.com/en/realisations/subaru-repentigny/7.webp]
[vincentetdussault.com/en/realisations/subaru-repentigny/8.webp]
[vincentetdussault.com/en/realisations/subaru-repentigny/9.webp]
[vincentetdussault.com/en/realisations/subaru-repentigny/index.html]
[vincentetdussault.com/en/realisations/honda-de-terrebonne/1.webp]
[vincentetdussault.com/en/realisations/honda-de-terrebonne/2.webp]
[vincentetdussault.com/en/realisations/honda-de-terrebonne/3.webp]
[vincentetdussault.com/en/realisations/honda-de-terrebonne/4.webp]
[vincentetdussault.com/en/realisations/honda-de-terrebonne/5.webp]
[vincentetdussault.com/en/realisations/honda-de-terrebonne/6.webp]
[vincentetdussault.com/en/realisations/honda-de-terrebonne/7.webp]
[vincentetdussault.com/en/realisations/honda-de-terrebonne/index.html]
[vincentetdussault.com/en/realisations/hyundai-chateauguay/1.webp]
[vincentetdussault.com/en/realisations/hyundai-chateauguay/2.webp]
[vincentetdussault.com/en/realisations/hyundai-chateauguay/3.webp]
[vincentetdussault.com/en/realisations/hyundai-chateauguay/4.webp]
[vincentetdussault.com/en/realisations/hyundai-chateauguay/5.webp]
[vincentetdussault.com/en/realisations/hyundai-chateauguay/index.html]
[vincentetdussault.com/en/realisations/solution-nissan-chateauguay/1.webp]
[vincentetdussault.com/en/realisations/solution-nissan-chateauguay/2.webp]
[vincentetdussault.com/en/realisations/solution-nissan-chateauguay/3.webp]
[vincentetdussault.com/en/realisations/solution-nissan-chateauguay/4.webp]
[vincentetdussault.com/en/realisations/solution-nissan-chateauguay/index.html]
[vincentetdussault.com/en/realisations/solution-mazda-chateauguay/1.webp]
[vincentetdussault.com/en/realisations/solution-mazda-chateauguay/2.webp]
[vincentetdussault.com/en/realisations/solution-mazda-chateauguay/3.webp]
[vincentetdussault.com/en/realisations/solution-mazda-chateauguay/4.webp]
[vincentetdussault.com/en/realisations/solution-mazda-chateauguay/5.webp]
[vincentetdussault.com/en/realisations/solution-mazda-chateauguay/index.html]
[vincentetdussault.com/en/realisations/barnabe-chrysler-jeep-st-jean/1.webp]
[vincentetdussault.com/en/realisations/barnabe-chrysler-jeep-st-jean/2.webp]
[vincentetdussault.com/en/realisations/barnabe-chrysler-jeep-st-jean/3.webp]
[vincentetdussault.com/en/realisations/barnabe-chrysler-jeep-st-jean/4.webp]
[vincentetdussault.com/en/realisations/barnabe-chrysler-jeep-st-jean/5.webp]
[vincentetdussault.com/en/realisations/barnabe-chrysler-jeep-st-jean/6.webp]
[vincentetdussault.com/en/realisations/barnabe-chrysler-jeep-st-jean/7.webp]
[vincentetdussault.com/en/realisations/barnabe-chrysler-jeep-st-jean/8.webp]
[vincentetdussault.com/en/realisations/barnabe-chrysler-jeep-st-jean/9.webp]
[vincentetdussault.com/en/realisations/barnabe-chrysler-jeep-st-jean/index.html]
[vincentetdussault.com/en/realisations/alliance-ford/1.webp]
[vincentetdussault.com/en/realisations/alliance-ford/10.webp]
[vincentetdussault.com/en/realisations/alliance-ford/2.webp]
[vincentetdussault.com/en/realisations/alliance-ford/3.webp]
[vincentetdussault.com/en/realisations/alliance-ford/4.webp]
[vincentetdussault.com/en/realisations/alliance-ford/4b.webp]
[vincentetdussault.com/en/realisations/alliance-ford/5.webp]
[vincentetdussault.com/en/realisations/alliance-ford/6.webp]
[vincentetdussault.com/en/realisations/alliance-ford/7.webp]
[vincentetdussault.com/en/realisations/alliance-ford/8.webp]
[vincentetdussault.com/en/realisations/alliance-ford/9.webp]
[vincentetdussault.com/en/realisations/alliance-ford/index.html]
[vincentetdussault.com/en/realisations/vw-ste-agathe/1.webp]
[vincentetdussault.com/en/realisations/vw-ste-agathe/2.webp]
[vincentetdussault.com/en/realisations/vw-ste-agathe/3.webp]
[vincentetdussault.com/en/realisations/vw-ste-agathe/4.webp]
[vincentetdussault.com/en/realisations/vw-ste-agathe/5.webp]
[vincentetdussault.com/en/realisations/vw-ste-agathe/6.webp]
[vincentetdussault.com/en/realisations/vw-ste-agathe/7.webp]
[vincentetdussault.com/en/realisations/vw-ste-agathe/8.webp]
[vincentetdussault.com/en/realisations/vw-ste-agathe/9.webp]
[vincentetdussault.com/en/realisations/vw-ste-agathe/index.html]
[vincentetdussault.com/en/realisations/complexe-vw-440/1.webp]
[vincentetdussault.com/en/realisations/complexe-vw-440/2.webp]
[vincentetdussault.com/en/realisations/complexe-vw-440/3.webp]
[vincentetdussault.com/en/realisations/complexe-vw-440/4.webp]
[vincentetdussault.com/en/realisations/complexe-vw-440/5.webp]
[vincentetdussault.com/en/realisations/complexe-vw-440/6.webp]
[vincentetdussault.com/en/realisations/complexe-vw-440/7.webp]
[vincentetdussault.com/en/realisations/complexe-vw-440/index.html]
[vincentetdussault.com/en/realisations/arbour-volkswagen/1.webp]
[vincentetdussault.com/en/realisations/arbour-volkswagen/2.webp]
[vincentetdussault.com/en/realisations/arbour-volkswagen/3.webp]
[vincentetdussault.com/en/realisations/arbour-volkswagen/4.webp]
[vincentetdussault.com/en/realisations/arbour-volkswagen/5.webp]
[vincentetdussault.com/en/realisations/arbour-volkswagen/6.webp]
[vincentetdussault.com/en/realisations/arbour-volkswagen/7.webp]
[vincentetdussault.com/en/realisations/arbour-volkswagen/index.html]
[vincentetdussault.com/en/realisations/rimar-volkswagen/1.webp]
[vincentetdussault.com/en/realisations/rimar-volkswagen/2.webp]
[vincentetdussault.com/en/realisations/rimar-volkswagen/3.webp]
[vincentetdussault.com/en/realisations/rimar-volkswagen/4.webp]
[vincentetdussault.com/en/realisations/rimar-volkswagen/4b.webp]
[vincentetdussault.com/en/realisations/rimar-volkswagen/5.webp]
[vincentetdussault.com/en/realisations/rimar-volkswagen/5b.webp]
[vincentetdussault.com/en/realisations/rimar-volkswagen/6.webp]
[vincentetdussault.com/en/realisations/rimar-volkswagen/6b.webp]
[vincentetdussault.com/en/realisations/rimar-volkswagen/7.webp]
[vincentetdussault.com/en/realisations/rimar-volkswagen/8.webp]
[vincentetdussault.com/en/realisations/rimar-volkswagen/9.webp]
[vincentetdussault.com/en/realisations/rimar-volkswagen/index.html]
[vincentetdussault.com/en/realisations/mercedes-rive-sud/1.webp]
[vincentetdussault.com/en/realisations/mercedes-rive-sud/10.webp]
[vincentetdussault.com/en/realisations/mercedes-rive-sud/11.webp]
[vincentetdussault.com/en/realisations/mercedes-rive-sud/2.webp]
[vincentetdussault.com/en/realisations/mercedes-rive-sud/3.webp]
[vincentetdussault.com/en/realisations/mercedes-rive-sud/4.webp]
[vincentetdussault.com/en/realisations/mercedes-rive-sud/5.webp]
[vincentetdussault.com/en/realisations/mercedes-rive-sud/6.webp]
[vincentetdussault.com/en/realisations/mercedes-rive-sud/7.webp]
[vincentetdussault.com/en/realisations/mercedes-rive-sud/8.webp]
[vincentetdussault.com/en/realisations/mercedes-rive-sud/9.webp]
[vincentetdussault.com/en/realisations/mercedes-rive-sud/9b.webp]
[vincentetdussault.com/en/realisations/mercedes-rive-sud/index.html]
